<html>
<body>
<pre>
<h1>µVision Build Log</h1>
<h2>Tool Versions:</h2>
IDE-Version: µVision V5.43.1.0
Copyright (C) 2025 ARM Ltd and ARM Germany GmbH. All rights reserved.
License Information: - -, -, LIC=----
 
Tool Versions:
Toolchain:       MDK-Lite  Version: 5.43.0.0
Toolchain Path:  C:\Keil_v5\ARM\ARMCLANG\Bin
C Compiler:      ArmClang.exe V6.24
Assembler:       Armasm.exe V6.24
Linker/Locator:  ArmLink.exe V6.24
Library Manager: ArmAr.exe V6.24
Hex Converter:   FromElf.exe V6.24
CPU DLL:         SARMCM3.DLL V5.43.0.0
Dialog DLL:      DCM.DLL V1.17.5.0
Target DLL:      STLink\ST-LINKIII-KEIL_SWO.dll V3.3.1.0
Dialog DLL:      TCM.DLL V1.56.6.0
 
<h2>Project:</h2>
C:\Users\raphael.copt\Desktop\Cours\CoursESE\coursESE\labo1\Labo1.uvprojx
Project File Date:  09/24/2026

<h2>Output:</h2>
*** Using Compiler 'V6.24', folder: 'C:\Keil_v5\ARM\ARMCLANG\Bin'
Build target 'Target_1'
assembling main.s...
linking...
Program Size: Code=3116 RO-data=576 RW-data=0 ZI-data=1632  
".\Objects\labo1.axf" - 0 Error(s), 0 Warning(s).

<h2>Software Packages used:</h2>

Package Vendor: ARM
                https://www.keil.com/pack/ARM.CMSIS.6.2.0.pack
                ARM::CMSIS@6.2.0
                CMSIS (Common Microcontroller Software Interface Standard)
   * Component: CORE Version: 6.1.1

Package Vendor: HessoValais
                http://kpacks.hevs.ch/HessoValais.Extension_board.pdsc/HessoValais.Extension_board.1.2.0.pack
                HessoValais::Extension_board@1.2.0
                Software to use extension keyboard, UART, buttons and leds.
   * Component: Assembler main call Version: 1.0.0
   * Component: Buttons Version: 1.0.0
   * Component: LEDs Version: 1.0.0

Package Vendor: Keil
                http://www.keil.com/pack/Keil.STM32F7xx_DFP.2.12.0.pack
                Keil::STM32F7xx_DFP@2.12.0
                STMicroelectronics STM32F7 Series Device Support, Drivers and Examples
   * Component: STM32Cube Framework Version: 1.0.0
   * Component: Classic Version: 1.2.7
   * Component: Common Version: 1.2.7
   * Component: Cortex Version: 1.2.7
   * Component: GPIO Version: 1.2.7
   * Component: PWR Version: 1.2.7
   * Component: RCC Version: 1.2.7
   * Component: Startup Version: 1.2.4

<h2>Collection of Component include folders:</h2>
  ./RTE/Device/STM32F746NGHx
  ./RTE/Hesso_pack
  ./RTE/_Target_1
  C:/Keil_v5/ARM/CMSIS/6.2.0/CMSIS/Core/Include
  C:/Keil_v5/Keil/STM32F7xx_DFP/2.12.0/Drivers/CMSIS/Device/ST/STM32F7xx/Include
  C:/Keil_v5/Keil/STM32F7xx_DFP/2.12.0/Drivers/STM32F7xx_HAL_Driver/Inc

<h2>Collection of Component Files used:</h2>

   * Component: ARM::CMSIS:CORE@6.1.1

   * Component: Device:STM32Cube Framework(API)@1.0.0

   * Component: HessoValais::Hesso pack:Assembler main call@1.0.0
      Source file:   extension_board/main_asm.c
      Source file:   extension_board/asmcalls.s

   * Component: HessoValais::Hesso pack:Extension Board:Buttons@1.0.0
      Include file:  extension_board/ext_buttons.h
      Source file:   extension_board/ext_buttons.c

   * Component: HessoValais::Hesso pack:Extension Board:LEDs@1.0.0
      Source file:   extension_board/ext_led.c
      Include file:  extension_board/ext_led.h

   * Component: Keil::Device:STM32Cube Framework:Classic@1.2.7
      Include file:  MDK/Templates/Inc/stm32f7xx_it.h
      Source file:   MDK/Templates/Src/stm32f7xx_it.c
      Include file:  MDK/Templates/Inc/main.h
      Include file:  MDK/Templates/Inc/stm32f7xx_hal_conf.h
      Source file:   MDK/Templates/Src/stm32f7xx_hal_msp.c
      Source file:   MDK/Templates/Src/main.c
      Include file:  MDK/Templates_LL/Inc/main.h
      Source file:   MDK/Templates_LL/Src/main.c
      Include file:  CMSIS/Driver/Config/RTE_Device.h

   * Component: Keil::Device:STM32Cube HAL:Common@1.2.7
      Include file:  Drivers/STM32F7xx_HAL_Driver/Inc/stm32f7xx_hal.h
      Source file:   Drivers/STM32F7xx_HAL_Driver/Src/stm32f7xx_hal.c

   * Component: Keil::Device:STM32Cube HAL:Cortex@1.2.7
      Source file:   Drivers/STM32F7xx_HAL_Driver/Src/stm32f7xx_hal_cortex.c

   * Component: Keil::Device:STM32Cube HAL:GPIO@1.2.7
      Source file:   Drivers/STM32F7xx_HAL_Driver/Src/stm32f7xx_hal_gpio.c

   * Component: Keil::Device:STM32Cube HAL:PWR@1.2.7
      Source file:   Drivers/STM32F7xx_HAL_Driver/Src/stm32f7xx_hal_pwr.c
      Source file:   Drivers/STM32F7xx_HAL_Driver/Src/stm32f7xx_hal_pwr_ex.c

   * Component: Keil::Device:STM32Cube HAL:RCC@1.2.7
      Source file:   Drivers/STM32F7xx_HAL_Driver/Src/stm32f7xx_hal_rcc.c
      Source file:   Drivers/STM32F7xx_HAL_Driver/Src/stm32f7xx_hal_rcc_ex.c

   * Component: Keil::Device:Startup@1.2.4
      Source file:   MDK/Device/Source/ARM/STM32F74x_75x_OPT.s
      Source file:   MDK/Device/Source/ARM/STM32F74x_75x_OTP.s
      Include file:  Drivers/CMSIS/Device/ST/STM32F7xx/Include/stm32f7xx.h
      Source file:   Drivers/CMSIS/Device/ST/STM32F7xx/Source/Templates/arm/startup_stm32f746xx.s
      Source file:   Drivers/CMSIS/Device/ST/STM32F7xx/Source/Templates/system_stm32f7xx.c
Build Time Elapsed:  00:00:00
</pre>
</body>
</html>
